
> frontend@0.0.0 build
> vite build

[36mvite v7.3.1 [32mbuilding client environment for production...[36m[39m
transforming...
node.exe : 
[33msrc/pages/ScanProduct.jsx (6:35): 
"NotFoundException" is not exported by "n
ode_modules/@zxing/browser/esm/index.js",
 imported by 
"src/pages/ScanProduct.jsx".[39m
At line:1 char:1
+ & "C:\Program Files\nodejs/node.exe" 
"C:\Users\patte\AppData\Roaming\ ...
+ ~~~~~~~~~~~~~~~~~~~~~~~~~~~~~~~~~~~~~~~
~~~~~~~~~~~~~~~~~~~~~~~~~~~~~~
    + CategoryInfo          : NotSpecifi 
   ed: ([33msrc/pages/...duct.jsx".[3  
  9m:String) [], RemoteException
    + FullyQualifiedErrorId : NativeComm 
   andError
 
[32mΓ£ô[39m 3085 modules transformed.
rendering chunks...
computing gzip size...
[2mdist/[22m[32mindex.html                 [39m[1m[2m    0.88 kB[22m[1m[22m[2m Γöé gzip:   0.49 kB[22m
[2mdist/[22m[35massets/index-CN_hRIKb.css  [39m[1m[2m   84.76 kB[22m[1m[22m[2m Γöé gzip:  11.89 kB[22m
[2mdist/[22m[36massets/index-Dei1QdsW.js   [39m[1m[33m1,247.82 kB[39m[22m[2m Γöé gzip: 363.12 kB[22m
[33m
(!) Some chunks are larger than 500 kB 
after minification. Consider:
- Using dynamic import() to code-split 
the application
- Use 
build.rollupOptions.output.manualChunks 
to improve chunking: https://rollupjs.org
/configuration-options/#output-manualchun
ks
- Adjust chunk size limit for this 
warning via 
build.chunkSizeWarningLimit.[39m
[32mΓ£ô built in 9.41s[39m
